gplink-1.4.0 #1107 (Apr  3 2018)
Copyright (c) 1998-2014 gputils project
Listing File Generated: 3-28-2023  21:40:03
 
 
Address  Value    Disassembly              Source
-------  -----    -----------              ------
                                           ;--------------------------------------------------------
                                           ; File Created by SDCC : free open source ANSI-C Compiler
                                           ; Version 4.0.0 #11528 (Linux)
                                           ;--------------------------------------------------------
                                           ; PIC port for the 14-bit core
                                           ;--------------------------------------------------------
                                           ;	.file	"laboratorio_1.c"
                                           	list	p=12f683
                                           	radix dec
                                           	include "p12f683.inc"
                                                   LIST
                                           
                                           ;==========================================================================
                                           ; Build date : Aug 07 2014
                                           ;  MPASM PIC12F683 processor include
                                           ; 
                                           ;  (c) Copyright 1999-2014 Microchip Technology, All rights reserved
                                           ;==========================================================================
                                           
                                                   NOLIST
                                           ;--------------------------------------------------------
                                           ; config word(s)
                                           ;--------------------------------------------------------
002007   0000     nop                      	__config 0x0
                                           ;--------------------------------------------------------
                                           ; external declarations
                                           ;--------------------------------------------------------
                                           	extern	_ANSEL
                                           	extern	_TRISIO
                                           	extern	_ADCON0
                                           	extern	_CMCON0
                                           	extern	_GPIO
                                           	extern	_GPIObits
                                           	extern	__sdcc_gsinit_startup
                                           ;--------------------------------------------------------
                                           ; global declarations
                                           ;--------------------------------------------------------
                                           	global	_main
                                           	global	_historial
                                           	global	_banderas
                                           	global	_blink
                                           	global	_count_2
                                           	global	_count_1
                                           	global	_send_byte
                                           	global	_rand_wait
                                           	global	_valido
                                           
                                           	global PSAVE
                                           	global SSAVE
                                           	global WSAVE
                                           	global STK12
                                           	global STK11
                                           	global STK10
                                           	global STK09
                                           	global STK08
                                           	global STK07
                                           	global STK06
                                           	global STK05
                                           	global STK04
                                           	global STK03
                                           	global STK02
                                           	global STK01
                                           	global STK00
                                           
                                           sharebank udata_ovr 0x0070
                                           PSAVE	res 1
                                           SSAVE	res 1
                                           WSAVE	res 1
                                           STK12	res 1
                                           STK11	res 1
                                           STK10	res 1
                                           STK09	res 1
                                           STK08	res 1
                                           STK07	res 1
                                           STK06	res 1
                                           STK05	res 1
                                           STK04	res 1
                                           STK03	res 1
                                           STK02	res 1
                                           STK01	res 1
                                           STK00	res 1
                                           
                                           ;--------------------------------------------------------
                                           ; global definitions
                                           ;--------------------------------------------------------
                                           ;--------------------------------------------------------
                                           ; absolute symbol definitions
                                           ;--------------------------------------------------------
                                           ;--------------------------------------------------------
                                           ; compiler-defined variables
                                           ;--------------------------------------------------------
                                           UDL_laboratorio_1_0	udata
                                           r0x103E	res	1
                                           r0x103D	res	1
                                           r0x103F	res	1
                                           r0x1040	res	1
                                           r0x1039	res	1
                                           r0x1038	res	1
                                           r0x103A	res	1
                                           r0x103B	res	1
                                           r0x103C	res	1
                                           r0x1032	res	1
                                           r0x1033	res	1
                                           r0x1034	res	1
                                           r0x1035	res	1
                                           r0x1036	res	1
                                           r0x1037	res	1
                                           r0x1029	res	1
                                           r0x1028	res	1
                                           r0x102A	res	1
                                           r0x102B	res	1
                                           r0x102C	res	1
                                           r0x102D	res	1
                                           r0x102E	res	1
                                           r0x102F	res	1
                                           r0x1030	res	1
                                           r0x1031	res	1
                                           ;--------------------------------------------------------
                                           ; initialized data
                                           ;--------------------------------------------------------
                                           
                                           IDD_laboratorio_1_0	idata
                                           _count_1
                                           	db	0x00, 0x00	; 0
                                           
                                           
                                           IDD_laboratorio_1_1	idata
                                           _count_2
                                           	db	0x00, 0x00	; 0
                                           
                                           
                                           IDD_laboratorio_1_2	idata
                                           _blink
                                           	db	0x00, 0x00	; 0
                                           
                                           
                                           IDD_laboratorio_1_3	idata
                                           _banderas
                                           	db	0x00, 0x00	; 0
                                           
                                           
                                           IDD_laboratorio_1_4	idata
                                           _historial
                                           	db	0xff, 0x00	; 255
                                           	db	0xff, 0x00	; 255
                                           	db	0xff, 0x00	; 255
                                           	db	0xff, 0x00	; 255
                                           	db	0xff, 0x00	; 255
                                           	db	0xff, 0x00	; 255
                                           	db	0xff, 0x00	; 255
                                           	db	0xff, 0x00	; 255
                                           	db	0xff, 0x00	; 255
                                           	db	0xff, 0x00	; 255
                                           	db	0xff, 0x00	; 255
                                           	db	0xff, 0x00	; 255
                                           	db	0xff, 0x00	; 255
                                           	db	0xff, 0x00	; 255
                                           	db	0xff, 0x00	; 255
                                           	db	0xff, 0x00	; 255
                                           
                                           ;--------------------------------------------------------
                                           ; initialized absolute data
                                           ;--------------------------------------------------------
                                           ;--------------------------------------------------------
                                           ; overlayable items in internal ram 
                                           ;--------------------------------------------------------
                                           ;	udata_ovr
                                           ;--------------------------------------------------------
                                           ; reset vector 
                                           ;--------------------------------------------------------
                                           STARTUP	code 0x0000
000000   0000     nop                      	nop
                                           	pagesel __sdcc_gsinit_startup
000001   2a34     goto    0x0234           	goto	__sdcc_gsinit_startup
                                           ;--------------------------------------------------------
                                           ; code
                                           ;--------------------------------------------------------
                                           code_laboratorio_1	code
                                           ;***
                                           ;  pBlock Stats: dbName = M
                                           ;***
                                           ;has an exit
                                           ;functions called:
                                           ;   _rand_wait
                                           ;   _send_byte
                                           ;   _send_byte
                                           ;   _send_byte
                                           ;   _send_byte
                                           ;   _send_byte
                                           ;   _send_byte
                                           ;   _send_byte
                                           ;   _send_byte
                                           ;   _send_byte
                                           ;   _send_byte
                                           ;   _send_byte
                                           ;   _send_byte
                                           ;   _send_byte
                                           ;   _send_byte
                                           ;   _send_byte
                                           ;   _send_byte
                                           ;   _send_byte
                                           ;   _send_byte
                                           ;   _send_byte
                                           ;   _send_byte
                                           ;   _rand_wait
                                           ;   _send_byte
                                           ;   _send_byte
                                           ;   _send_byte
                                           ;   _send_byte
                                           ;   _send_byte
                                           ;   _send_byte
                                           ;   _send_byte
                                           ;   _send_byte
                                           ;   _send_byte
                                           ;   _send_byte
                                           ;   _send_byte
                                           ;   _send_byte
                                           ;   _send_byte
                                           ;   _send_byte
                                           ;   _send_byte
                                           ;   _send_byte
                                           ;   _send_byte
                                           ;   _send_byte
                                           ;   _send_byte
                                           ;   _send_byte
                                           ;5 compiler assigned registers:
                                           ;   r0x103D
                                           ;   STK00
                                           ;   r0x103E
                                           ;   r0x103F
                                           ;   r0x1040
                                           ;; Starting pCode block
                                           S_laboratorio_1__main	code
                                           _main:
                                           ; 2 exit points
                                           ;	.line	26; "laboratorio_1.c"	TRISIO = 0b00001000; //P0,1,2,3,4 como salidas, P5 como entrada
000002   3008     movlw   0x08             	MOVLW	0x08
000003   1683     bsf     0x03, 0x5        	BANKSEL	_TRISIO
000004   0085     movwf   0x05             	MOVWF	_TRISIO
                                           ;	.line	27; "laboratorio_1.c"	GPIO = 0b00100000; //Pines empiezan en bajo
000005   3020     movlw   0x20             	MOVLW	0x20
000006   1283     bcf     0x03, 0x5        	BANKSEL	_GPIO
000007   0085     movwf   0x05             	MOVWF	_GPIO
                                           ;	.line	29; "laboratorio_1.c"	ADCON0=0x00;                // Internal ADC OFF
000008   019f     clrf    0x1f             	CLRF	_ADCON0
                                           ;	.line	30; "laboratorio_1.c"	ANSEL=0x00;
000009   1683     bsf     0x03, 0x5        	BANKSEL	_ANSEL
00000a   019f     clrf    0x1f             	CLRF	_ANSEL
                                           ;	.line	31; "laboratorio_1.c"	CMCON0 = 0x07;
00000b   3007     movlw   0x07             	MOVLW	0x07
00000c   1283     bcf     0x03, 0x5        	BANKSEL	_CMCON0
00000d   0099     movwf   0x19             	MOVWF	_CMCON0
                                           _00166_DS_:
                                           ;	.line	52; "laboratorio_1.c"	tx = rand_wait();
                                           	PAGESEL	_rand_wait
00000e   2170     call    0x0170           	CALL	_rand_wait
                                           	PAGESEL	$
00000f   1283     bcf     0x03, 0x5        	BANKSEL	r0x103D
000010   00a1     movwf   0x21             	MOVWF	r0x103D
000011   087f     movf    0x7f, 0x0        	MOVF	STK00,W
000012   00a0     movwf   0x20             	MOVWF	r0x103E
                                           ;	.line	53; "laboratorio_1.c"	GP4=0;
000013   1283     bcf     0x03, 0x5        	BANKSEL	_GPIObits
000014   1205     bcf     0x05, 0x4        	BCF	_GPIObits,4
                                           ;	.line	54; "laboratorio_1.c"	if ((tx & 0x0F) == 0x00) {
000015   300f     movlw   0x0f             	MOVLW	0x0f
000016   1283     bcf     0x03, 0x5        	BANKSEL	r0x103E
000017   0520     andwf   0x20, 0x0        	ANDWF	r0x103E,W
000018   00a2     movwf   0x22             	MOVWF	r0x103F
000019   01a3     clrf    0x23             	CLRF	r0x1040
00001a   0822     movf    0x22, 0x0        	MOVF	r0x103F,W
00001b   1d03     btfss   0x03, 0x2        	BTFSS	STATUS,2
00001c   2822     goto    0x0022           	GOTO	_00132_DS_
                                           ;	.line	55; "laboratorio_1.c"	send_byte(0b11111100);
00001d   30fc     movlw   0xfc             	MOVLW	0xfc
00001e   00ff     movwf   0x7f             	MOVWF	STK00
00001f   3000     movlw   0x00             	MOVLW	0x00
                                           	PAGESEL	_send_byte
000020   2366     call    0x0366           	CALL	_send_byte
                                           	PAGESEL	$
000021   289f     goto    0x009f           	GOTO	_00133_DS_
                                           _00132_DS_:
                                           ;	.line	56; "laboratorio_1.c"	} else if ((tx & 0x0F) == 0x01) {
000022   1283     bcf     0x03, 0x5        	BANKSEL	r0x103F
000023   0822     movf    0x22, 0x0        	MOVF	r0x103F,W
000024   3a01     xorlw   0x01             	XORLW	0x01
000025   1d03     btfss   0x03, 0x2        	BTFSS	STATUS,2
000026   2830     goto    0x0030           	GOTO	_00129_DS_
000027   0823     movf    0x23, 0x0        	MOVF	r0x1040,W
000028   3a00     xorlw   0x00             	XORLW	0x00
000029   1d03     btfss   0x03, 0x2        	BTFSS	STATUS,2
00002a   2830     goto    0x0030           	GOTO	_00129_DS_
                                           ;	.line	57; "laboratorio_1.c"	send_byte(0b01100000);
00002b   3060     movlw   0x60             	MOVLW	0x60
00002c   00ff     movwf   0x7f             	MOVWF	STK00
00002d   3000     movlw   0x00             	MOVLW	0x00
                                           	PAGESEL	_send_byte
00002e   2366     call    0x0366           	CALL	_send_byte
                                           	PAGESEL	$
00002f   289f     goto    0x009f           	GOTO	_00133_DS_
                                           _00129_DS_:
                                           ;	.line	58; "laboratorio_1.c"	} else if ((tx & 0x0F) == 0x02) {
000030   1283     bcf     0x03, 0x5        	BANKSEL	r0x103F
000031   0822     movf    0x22, 0x0        	MOVF	r0x103F,W
000032   3a02     xorlw   0x02             	XORLW	0x02
000033   1d03     btfss   0x03, 0x2        	BTFSS	STATUS,2
000034   283e     goto    0x003e           	GOTO	_00126_DS_
000035   0823     movf    0x23, 0x0        	MOVF	r0x1040,W
000036   3a00     xorlw   0x00             	XORLW	0x00
000037   1d03     btfss   0x03, 0x2        	BTFSS	STATUS,2
000038   283e     goto    0x003e           	GOTO	_00126_DS_
                                           ;	.line	59; "laboratorio_1.c"	send_byte(0b11011010);
000039   30da     movlw   0xda             	MOVLW	0xda
00003a   00ff     movwf   0x7f             	MOVWF	STK00
00003b   3000     movlw   0x00             	MOVLW	0x00
                                           	PAGESEL	_send_byte
00003c   2366     call    0x0366           	CALL	_send_byte
                                           	PAGESEL	$
00003d   289f     goto    0x009f           	GOTO	_00133_DS_
                                           _00126_DS_:
                                           ;	.line	60; "laboratorio_1.c"	} else if ((tx & 0x0F) == 0x03) {
00003e   1283     bcf     0x03, 0x5        	BANKSEL	r0x103F
00003f   0822     movf    0x22, 0x0        	MOVF	r0x103F,W
000040   3a03     xorlw   0x03             	XORLW	0x03
000041   1d03     btfss   0x03, 0x2        	BTFSS	STATUS,2
000042   284c     goto    0x004c           	GOTO	_00123_DS_
000043   0823     movf    0x23, 0x0        	MOVF	r0x1040,W
000044   3a00     xorlw   0x00             	XORLW	0x00
000045   1d03     btfss   0x03, 0x2        	BTFSS	STATUS,2
000046   284c     goto    0x004c           	GOTO	_00123_DS_
                                           ;	.line	61; "laboratorio_1.c"	send_byte(0b11110010);
000047   30f2     movlw   0xf2             	MOVLW	0xf2
000048   00ff     movwf   0x7f             	MOVWF	STK00
000049   3000     movlw   0x00             	MOVLW	0x00
                                           	PAGESEL	_send_byte
00004a   2366     call    0x0366           	CALL	_send_byte
                                           	PAGESEL	$
00004b   289f     goto    0x009f           	GOTO	_00133_DS_
                                           _00123_DS_:
                                           ;	.line	62; "laboratorio_1.c"	} else if ((tx & 0x0F) == 0x04) {
00004c   1283     bcf     0x03, 0x5        	BANKSEL	r0x103F
00004d   0822     movf    0x22, 0x0        	MOVF	r0x103F,W
00004e   3a04     xorlw   0x04             	XORLW	0x04
00004f   1d03     btfss   0x03, 0x2        	BTFSS	STATUS,2
000050   285a     goto    0x005a           	GOTO	_00120_DS_
000051   0823     movf    0x23, 0x0        	MOVF	r0x1040,W
000052   3a00     xorlw   0x00             	XORLW	0x00
000053   1d03     btfss   0x03, 0x2        	BTFSS	STATUS,2
000054   285a     goto    0x005a           	GOTO	_00120_DS_
                                           ;	.line	63; "laboratorio_1.c"	send_byte(0b01100110);
000055   3066     movlw   0x66             	MOVLW	0x66
000056   00ff     movwf   0x7f             	MOVWF	STK00
000057   3000     movlw   0x00             	MOVLW	0x00
                                           	PAGESEL	_send_byte
000058   2366     call    0x0366           	CALL	_send_byte
                                           	PAGESEL	$
000059   289f     goto    0x009f           	GOTO	_00133_DS_
                                           _00120_DS_:
                                           ;	.line	64; "laboratorio_1.c"	} else if ((tx & 0x0F) == 0x05) {
00005a   1283     bcf     0x03, 0x5        	BANKSEL	r0x103F
00005b   0822     movf    0x22, 0x0        	MOVF	r0x103F,W
00005c   3a05     xorlw   0x05             	XORLW	0x05
00005d   1d03     btfss   0x03, 0x2        	BTFSS	STATUS,2
00005e   2868     goto    0x0068           	GOTO	_00117_DS_
00005f   0823     movf    0x23, 0x0        	MOVF	r0x1040,W
000060   3a00     xorlw   0x00             	XORLW	0x00
000061   1d03     btfss   0x03, 0x2        	BTFSS	STATUS,2
000062   2868     goto    0x0068           	GOTO	_00117_DS_
                                           ;	.line	65; "laboratorio_1.c"	send_byte(0b10110110);
000063   30b6     movlw   0xb6             	MOVLW	0xb6
000064   00ff     movwf   0x7f             	MOVWF	STK00
000065   3000     movlw   0x00             	MOVLW	0x00
                                           	PAGESEL	_send_byte
000066   2366     call    0x0366           	CALL	_send_byte
                                           	PAGESEL	$
000067   289f     goto    0x009f           	GOTO	_00133_DS_
                                           _00117_DS_:
                                           ;	.line	66; "laboratorio_1.c"	} else if ((tx & 0x0F) == 0x06) {
000068   1283     bcf     0x03, 0x5        	BANKSEL	r0x103F
000069   0822     movf    0x22, 0x0        	MOVF	r0x103F,W
00006a   3a06     xorlw   0x06             	XORLW	0x06
00006b   1d03     btfss   0x03, 0x2        	BTFSS	STATUS,2
00006c   2876     goto    0x0076           	GOTO	_00114_DS_
00006d   0823     movf    0x23, 0x0        	MOVF	r0x1040,W
00006e   3a00     xorlw   0x00             	XORLW	0x00
00006f   1d03     btfss   0x03, 0x2        	BTFSS	STATUS,2
000070   2876     goto    0x0076           	GOTO	_00114_DS_
                                           ;	.line	67; "laboratorio_1.c"	send_byte(0b10111110);
000071   30be     movlw   0xbe             	MOVLW	0xbe
000072   00ff     movwf   0x7f             	MOVWF	STK00
000073   3000     movlw   0x00             	MOVLW	0x00
                                           	PAGESEL	_send_byte
000074   2366     call    0x0366           	CALL	_send_byte
                                           	PAGESEL	$
000075   289f     goto    0x009f           	GOTO	_00133_DS_
                                           _00114_DS_:
                                           ;	.line	68; "laboratorio_1.c"	} else if ((tx & 0x0F) == 0x07) {
000076   1283     bcf     0x03, 0x5        	BANKSEL	r0x103F
000077   0822     movf    0x22, 0x0        	MOVF	r0x103F,W
000078   3a07     xorlw   0x07             	XORLW	0x07
000079   1d03     btfss   0x03, 0x2        	BTFSS	STATUS,2
00007a   2884     goto    0x0084           	GOTO	_00111_DS_
00007b   0823     movf    0x23, 0x0        	MOVF	r0x1040,W
00007c   3a00     xorlw   0x00             	XORLW	0x00
00007d   1d03     btfss   0x03, 0x2        	BTFSS	STATUS,2
00007e   2884     goto    0x0084           	GOTO	_00111_DS_
                                           ;	.line	69; "laboratorio_1.c"	send_byte(0b11100000);
00007f   30e0     movlw   0xe0             	MOVLW	0xe0
000080   00ff     movwf   0x7f             	MOVWF	STK00
000081   3000     movlw   0x00             	MOVLW	0x00
                                           	PAGESEL	_send_byte
000082   2366     call    0x0366           	CALL	_send_byte
                                           	PAGESEL	$
000083   289f     goto    0x009f           	GOTO	_00133_DS_
                                           _00111_DS_:
                                           ;	.line	70; "laboratorio_1.c"	} else if ((tx & 0x0F) == 0x08) {
000084   1283     bcf     0x03, 0x5        	BANKSEL	r0x103F
000085   0822     movf    0x22, 0x0        	MOVF	r0x103F,W
000086   3a08     xorlw   0x08             	XORLW	0x08
000087   1d03     btfss   0x03, 0x2        	BTFSS	STATUS,2
000088   2892     goto    0x0092           	GOTO	_00108_DS_
000089   0823     movf    0x23, 0x0        	MOVF	r0x1040,W
00008a   3a00     xorlw   0x00             	XORLW	0x00
00008b   1d03     btfss   0x03, 0x2        	BTFSS	STATUS,2
00008c   2892     goto    0x0092           	GOTO	_00108_DS_
                                           ;	.line	71; "laboratorio_1.c"	send_byte(0b11111110);
00008d   30fe     movlw   0xfe             	MOVLW	0xfe
00008e   00ff     movwf   0x7f             	MOVWF	STK00
00008f   3000     movlw   0x00             	MOVLW	0x00
                                           	PAGESEL	_send_byte
000090   2366     call    0x0366           	CALL	_send_byte
                                           	PAGESEL	$
000091   289f     goto    0x009f           	GOTO	_00133_DS_
                                           _00108_DS_:
                                           ;	.line	72; "laboratorio_1.c"	} else if ((tx & 0x0F) == 0x09) {
000092   1283     bcf     0x03, 0x5        	BANKSEL	r0x103F
000093   0822     movf    0x22, 0x0        	MOVF	r0x103F,W
000094   3a09     xorlw   0x09             	XORLW	0x09
000095   1d03     btfss   0x03, 0x2        	BTFSS	STATUS,2
000096   289f     goto    0x009f           	GOTO	_00133_DS_
000097   0823     movf    0x23, 0x0        	MOVF	r0x1040,W
000098   3a00     xorlw   0x00             	XORLW	0x00
000099   1d03     btfss   0x03, 0x2        	BTFSS	STATUS,2
00009a   289f     goto    0x009f           	GOTO	_00133_DS_
                                           ;	.line	73; "laboratorio_1.c"	send_byte(0b11100110);
00009b   30e6     movlw   0xe6             	MOVLW	0xe6
00009c   00ff     movwf   0x7f             	MOVWF	STK00
00009d   3000     movlw   0x00             	MOVLW	0x00
                                           	PAGESEL	_send_byte
00009e   2366     call    0x0366           	CALL	_send_byte
                                           	PAGESEL	$
                                           _00133_DS_:
                                           ;	.line	76; "laboratorio_1.c"	GP4=1;
00009f   1283     bcf     0x03, 0x5        	BANKSEL	_GPIObits
0000a0   1605     bsf     0x05, 0x4        	BSF	_GPIObits,4
                                           ;	.line	77; "laboratorio_1.c"	if ((tx & 0xF0) == 0x00) {
0000a1   30f0     movlw   0xf0             	MOVLW	0xf0
0000a2   1283     bcf     0x03, 0x5        	BANKSEL	r0x103E
0000a3   05a0     andwf   0x20, 0x1        	ANDWF	r0x103E,F
0000a4   01a1     clrf    0x21             	CLRF	r0x103D
0000a5   0820     movf    0x20, 0x0        	MOVF	r0x103E,W
0000a6   1d03     btfss   0x03, 0x2        	BTFSS	STATUS,2
0000a7   28ad     goto    0x00ad           	GOTO	_00161_DS_
                                           ;	.line	78; "laboratorio_1.c"	send_byte(0b11111100);
0000a8   30fc     movlw   0xfc             	MOVLW	0xfc
0000a9   00ff     movwf   0x7f             	MOVWF	STK00
0000aa   3000     movlw   0x00             	MOVLW	0x00
                                           	PAGESEL	_send_byte
0000ab   2366     call    0x0366           	CALL	_send_byte
                                           	PAGESEL	$
0000ac   292a     goto    0x012a           	GOTO	_00162_DS_
                                           _00161_DS_:
                                           ;	.line	79; "laboratorio_1.c"	} else if ((tx & 0xF0) == 0x10) {
0000ad   1283     bcf     0x03, 0x5        	BANKSEL	r0x103E
0000ae   0820     movf    0x20, 0x0        	MOVF	r0x103E,W
0000af   3a10     xorlw   0x10             	XORLW	0x10
0000b0   1d03     btfss   0x03, 0x2        	BTFSS	STATUS,2
0000b1   28bb     goto    0x00bb           	GOTO	_00158_DS_
0000b2   0821     movf    0x21, 0x0        	MOVF	r0x103D,W
0000b3   3a00     xorlw   0x00             	XORLW	0x00
0000b4   1d03     btfss   0x03, 0x2        	BTFSS	STATUS,2
0000b5   28bb     goto    0x00bb           	GOTO	_00158_DS_
                                           ;	.line	80; "laboratorio_1.c"	send_byte(0b01100000);
0000b6   3060     movlw   0x60             	MOVLW	0x60
0000b7   00ff     movwf   0x7f             	MOVWF	STK00
0000b8   3000     movlw   0x00             	MOVLW	0x00
                                           	PAGESEL	_send_byte
0000b9   2366     call    0x0366           	CALL	_send_byte
                                           	PAGESEL	$
0000ba   292a     goto    0x012a           	GOTO	_00162_DS_
                                           _00158_DS_:
                                           ;	.line	81; "laboratorio_1.c"	} else if ((tx & 0xF0) == 0x20) {
0000bb   1283     bcf     0x03, 0x5        	BANKSEL	r0x103E
0000bc   0820     movf    0x20, 0x0        	MOVF	r0x103E,W
0000bd   3a20     xorlw   0x20             	XORLW	0x20
0000be   1d03     btfss   0x03, 0x2        	BTFSS	STATUS,2
0000bf   28c9     goto    0x00c9           	GOTO	_00155_DS_
0000c0   0821     movf    0x21, 0x0        	MOVF	r0x103D,W
0000c1   3a00     xorlw   0x00             	XORLW	0x00
0000c2   1d03     btfss   0x03, 0x2        	BTFSS	STATUS,2
0000c3   28c9     goto    0x00c9           	GOTO	_00155_DS_
                                           ;	.line	82; "laboratorio_1.c"	send_byte(0b11011010);
0000c4   30da     movlw   0xda             	MOVLW	0xda
0000c5   00ff     movwf   0x7f             	MOVWF	STK00
0000c6   3000     movlw   0x00             	MOVLW	0x00
                                           	PAGESEL	_send_byte
0000c7   2366     call    0x0366           	CALL	_send_byte
                                           	PAGESEL	$
0000c8   292a     goto    0x012a           	GOTO	_00162_DS_
                                           _00155_DS_:
                                           ;	.line	83; "laboratorio_1.c"	} else if ((tx & 0xF0) == 0x30) {
0000c9   1283     bcf     0x03, 0x5        	BANKSEL	r0x103E
0000ca   0820     movf    0x20, 0x0        	MOVF	r0x103E,W
0000cb   3a30     xorlw   0x30             	XORLW	0x30
0000cc   1d03     btfss   0x03, 0x2        	BTFSS	STATUS,2
0000cd   28d7     goto    0x00d7           	GOTO	_00152_DS_
0000ce   0821     movf    0x21, 0x0        	MOVF	r0x103D,W
0000cf   3a00     xorlw   0x00             	XORLW	0x00
0000d0   1d03     btfss   0x03, 0x2        	BTFSS	STATUS,2
0000d1   28d7     goto    0x00d7           	GOTO	_00152_DS_
                                           ;	.line	84; "laboratorio_1.c"	send_byte(0b11110010);
0000d2   30f2     movlw   0xf2             	MOVLW	0xf2
0000d3   00ff     movwf   0x7f             	MOVWF	STK00
0000d4   3000     movlw   0x00             	MOVLW	0x00
                                           	PAGESEL	_send_byte
0000d5   2366     call    0x0366           	CALL	_send_byte
                                           	PAGESEL	$
0000d6   292a     goto    0x012a           	GOTO	_00162_DS_
                                           _00152_DS_:
                                           ;	.line	85; "laboratorio_1.c"	} else if ((tx & 0xF0) == 0x40) {
0000d7   1283     bcf     0x03, 0x5        	BANKSEL	r0x103E
0000d8   0820     movf    0x20, 0x0        	MOVF	r0x103E,W
0000d9   3a40     xorlw   0x40             	XORLW	0x40
0000da   1d03     btfss   0x03, 0x2        	BTFSS	STATUS,2
0000db   28e5     goto    0x00e5           	GOTO	_00149_DS_
0000dc   0821     movf    0x21, 0x0        	MOVF	r0x103D,W
0000dd   3a00     xorlw   0x00             	XORLW	0x00
0000de   1d03     btfss   0x03, 0x2        	BTFSS	STATUS,2
0000df   28e5     goto    0x00e5           	GOTO	_00149_DS_
                                           ;	.line	86; "laboratorio_1.c"	send_byte(0b01100110);
0000e0   3066     movlw   0x66             	MOVLW	0x66
0000e1   00ff     movwf   0x7f             	MOVWF	STK00
0000e2   3000     movlw   0x00             	MOVLW	0x00
                                           	PAGESEL	_send_byte
0000e3   2366     call    0x0366           	CALL	_send_byte
                                           	PAGESEL	$
0000e4   292a     goto    0x012a           	GOTO	_00162_DS_
                                           _00149_DS_:
                                           ;	.line	87; "laboratorio_1.c"	} else if ((tx & 0xF0) == 0x50) {
0000e5   1283     bcf     0x03, 0x5        	BANKSEL	r0x103E
0000e6   0820     movf    0x20, 0x0        	MOVF	r0x103E,W
0000e7   3a50     xorlw   0x50             	XORLW	0x50
0000e8   1d03     btfss   0x03, 0x2        	BTFSS	STATUS,2
0000e9   28f3     goto    0x00f3           	GOTO	_00146_DS_
0000ea   0821     movf    0x21, 0x0        	MOVF	r0x103D,W
0000eb   3a00     xorlw   0x00             	XORLW	0x00
0000ec   1d03     btfss   0x03, 0x2        	BTFSS	STATUS,2
0000ed   28f3     goto    0x00f3           	GOTO	_00146_DS_
                                           ;	.line	88; "laboratorio_1.c"	send_byte(0b10110110);
0000ee   30b6     movlw   0xb6             	MOVLW	0xb6
0000ef   00ff     movwf   0x7f             	MOVWF	STK00
0000f0   3000     movlw   0x00             	MOVLW	0x00
                                           	PAGESEL	_send_byte
0000f1   2366     call    0x0366           	CALL	_send_byte
                                           	PAGESEL	$
0000f2   292a     goto    0x012a           	GOTO	_00162_DS_
                                           _00146_DS_:
                                           ;	.line	89; "laboratorio_1.c"	} else if ((tx & 0xF0) == 0x60) {
0000f3   1283     bcf     0x03, 0x5        	BANKSEL	r0x103E
0000f4   0820     movf    0x20, 0x0        	MOVF	r0x103E,W
0000f5   3a60     xorlw   0x60             	XORLW	0x60
0000f6   1d03     btfss   0x03, 0x2        	BTFSS	STATUS,2
0000f7   2901     goto    0x0101           	GOTO	_00143_DS_
0000f8   0821     movf    0x21, 0x0        	MOVF	r0x103D,W
0000f9   3a00     xorlw   0x00             	XORLW	0x00
0000fa   1d03     btfss   0x03, 0x2        	BTFSS	STATUS,2
0000fb   2901     goto    0x0101           	GOTO	_00143_DS_
                                           ;	.line	90; "laboratorio_1.c"	send_byte(0b10111110);
0000fc   30be     movlw   0xbe             	MOVLW	0xbe
0000fd   00ff     movwf   0x7f             	MOVWF	STK00
0000fe   3000     movlw   0x00             	MOVLW	0x00
                                           	PAGESEL	_send_byte
0000ff   2366     call    0x0366           	CALL	_send_byte
                                           	PAGESEL	$
000100   292a     goto    0x012a           	GOTO	_00162_DS_
                                           _00143_DS_:
                                           ;	.line	91; "laboratorio_1.c"	} else if ((tx & 0xF0) == 0x70) {
000101   1283     bcf     0x03, 0x5        	BANKSEL	r0x103E
000102   0820     movf    0x20, 0x0        	MOVF	r0x103E,W
000103   3a70     xorlw   0x70             	XORLW	0x70
000104   1d03     btfss   0x03, 0x2        	BTFSS	STATUS,2
000105   290f     goto    0x010f           	GOTO	_00140_DS_
000106   0821     movf    0x21, 0x0        	MOVF	r0x103D,W
000107   3a00     xorlw   0x00             	XORLW	0x00
000108   1d03     btfss   0x03, 0x2        	BTFSS	STATUS,2
000109   290f     goto    0x010f           	GOTO	_00140_DS_
                                           ;	.line	92; "laboratorio_1.c"	send_byte(0b11100000);
00010a   30e0     movlw   0xe0             	MOVLW	0xe0
00010b   00ff     movwf   0x7f             	MOVWF	STK00
00010c   3000     movlw   0x00             	MOVLW	0x00
                                           	PAGESEL	_send_byte
00010d   2366     call    0x0366           	CALL	_send_byte
                                           	PAGESEL	$
00010e   292a     goto    0x012a           	GOTO	_00162_DS_
                                           _00140_DS_:
                                           ;	.line	93; "laboratorio_1.c"	} else if ((tx & 0xF0) == 0x80) {
00010f   1283     bcf     0x03, 0x5        	BANKSEL	r0x103E
000110   0820     movf    0x20, 0x0        	MOVF	r0x103E,W
000111   3a80     xorlw   0x80             	XORLW	0x80
000112   1d03     btfss   0x03, 0x2        	BTFSS	STATUS,2
000113   291d     goto    0x011d           	GOTO	_00137_DS_
000114   0821     movf    0x21, 0x0        	MOVF	r0x103D,W
000115   3a00     xorlw   0x00             	XORLW	0x00
000116   1d03     btfss   0x03, 0x2        	BTFSS	STATUS,2
000117   291d     goto    0x011d           	GOTO	_00137_DS_
                                           ;	.line	94; "laboratorio_1.c"	send_byte(0b11111110);
000118   30fe     movlw   0xfe             	MOVLW	0xfe
000119   00ff     movwf   0x7f             	MOVWF	STK00
00011a   3000     movlw   0x00             	MOVLW	0x00
                                           	PAGESEL	_send_byte
00011b   2366     call    0x0366           	CALL	_send_byte
                                           	PAGESEL	$
00011c   292a     goto    0x012a           	GOTO	_00162_DS_
                                           _00137_DS_:
                                           ;	.line	95; "laboratorio_1.c"	} else if ((tx & 0xF0) == 0x90) {
00011d   1283     bcf     0x03, 0x5        	BANKSEL	r0x103E
00011e   0820     movf    0x20, 0x0        	MOVF	r0x103E,W
00011f   3a90     xorlw   0x90             	XORLW	0x90
000120   1d03     btfss   0x03, 0x2        	BTFSS	STATUS,2
000121   292a     goto    0x012a           	GOTO	_00162_DS_
000122   0821     movf    0x21, 0x0        	MOVF	r0x103D,W
000123   3a00     xorlw   0x00             	XORLW	0x00
000124   1d03     btfss   0x03, 0x2        	BTFSS	STATUS,2
000125   292a     goto    0x012a           	GOTO	_00162_DS_
                                           ;	.line	96; "laboratorio_1.c"	send_byte(0b11100110);
000126   30e6     movlw   0xe6             	MOVLW	0xe6
000127   00ff     movwf   0x7f             	MOVWF	STK00
000128   3000     movlw   0x00             	MOVLW	0x00
                                           	PAGESEL	_send_byte
000129   2366     call    0x0366           	CALL	_send_byte
                                           	PAGESEL	$
                                           _00162_DS_:
                                           ;	.line	99; "laboratorio_1.c"	if ( (banderas & 0x02) == 0x02 ) {
00012a   3002     movlw   0x02             	MOVLW	0x02
00012b   1283     bcf     0x03, 0x5        	BANKSEL	_banderas
00012c   054b     andwf   0x4b, 0x0        	ANDWF	_banderas,W
00012d   1283     bcf     0x03, 0x5        	BANKSEL	r0x103E
00012e   00a0     movwf   0x20             	MOVWF	r0x103E
00012f   01a1     clrf    0x21             	CLRF	r0x103D
000130   0820     movf    0x20, 0x0        	MOVF	r0x103E,W
000131   3a02     xorlw   0x02             	XORLW	0x02
000132   1d03     btfss   0x03, 0x2        	BTFSS	STATUS,2
000133   280e     goto    0x000e           	GOTO	_00166_DS_
000134   0821     movf    0x21, 0x0        	MOVF	r0x103D,W
000135   3a00     xorlw   0x00             	XORLW	0x00
000136   1d03     btfss   0x03, 0x2        	BTFSS	STATUS,2
000137   280e     goto    0x000e           	GOTO	_00166_DS_
                                           ;	.line	100; "laboratorio_1.c"	banderas &= 0x11111101;
000138   3001     movlw   0x01             	MOVLW	0x01
000139   1283     bcf     0x03, 0x5        	BANKSEL	_banderas
00013a   05cb     andwf   0x4b, 0x1        	ANDWF	_banderas,F
00013b   3011     movlw   0x11             	MOVLW	0x11
00013c   05cc     andwf   0x4c, 0x1        	ANDWF	(_banderas + 1),F
                                           ;;/home/sdcc-builder/build/sdcc-build/orig/sdcc/src/pic14/gen.c:6828: size=1, offset=0, AOP_TYPE(res)=8
                                           ;	.line	101; "laboratorio_1.c"	historial[0] = 0xFF;
00013d   30ff     movlw   0xff             	MOVLW	0xff
00013e   1683     bsf     0x03, 0x5        	BANKSEL	_historial
00013f   00a0     movwf   0x20             	MOVWF	(_historial + 0)
                                           ;;/home/sdcc-builder/build/sdcc-build/orig/sdcc/src/pic14/gen.c:6828: size=0, offset=1, AOP_TYPE(res)=8
000140   01a1     clrf    0x21             	CLRF	(_historial + 1)
                                           ;;/home/sdcc-builder/build/sdcc-build/orig/sdcc/src/pic14/gen.c:6828: size=1, offset=0, AOP_TYPE(res)=8
                                           ;	.line	102; "laboratorio_1.c"	historial[1] = 0xFF;
000141   30ff     movlw   0xff             	MOVLW	0xff
000142   00a2     movwf   0x22             	MOVWF	(_historial + 2)
                                           ;;/home/sdcc-builder/build/sdcc-build/orig/sdcc/src/pic14/gen.c:6828: size=0, offset=1, AOP_TYPE(res)=8
000143   01a3     clrf    0x23             	CLRF	(_historial + 3)
                                           ;;/home/sdcc-builder/build/sdcc-build/orig/sdcc/src/pic14/gen.c:6828: size=1, offset=0, AOP_TYPE(res)=8
                                           ;	.line	103; "laboratorio_1.c"	historial[2] = 0xFF;
000144   30ff     movlw   0xff             	MOVLW	0xff
000145   00a4     movwf   0x24             	MOVWF	(_historial + 4)
                                           ;;/home/sdcc-builder/build/sdcc-build/orig/sdcc/src/pic14/gen.c:6828: size=0, offset=1, AOP_TYPE(res)=8
000146   01a5     clrf    0x25             	CLRF	(_historial + 5)
                                           ;;/home/sdcc-builder/build/sdcc-build/orig/sdcc/src/pic14/gen.c:6828: size=1, offset=0, AOP_TYPE(res)=8
                                           ;	.line	104; "laboratorio_1.c"	historial[3] = 0xFF;
000147   30ff     movlw   0xff             	MOVLW	0xff
000148   00a6     movwf   0x26             	MOVWF	(_historial + 6)
                                           ;;/home/sdcc-builder/build/sdcc-build/orig/sdcc/src/pic14/gen.c:6828: size=0, offset=1, AOP_TYPE(res)=8
000149   01a7     clrf    0x27             	CLRF	(_historial + 7)
                                           ;;/home/sdcc-builder/build/sdcc-build/orig/sdcc/src/pic14/gen.c:6828: size=1, offset=0, AOP_TYPE(res)=8
                                           ;	.line	105; "laboratorio_1.c"	historial[4] = 0xFF;
00014a   30ff     movlw   0xff             	MOVLW	0xff
00014b   00a8     movwf   0x28             	MOVWF	(_historial + 8)
                                           ;;/home/sdcc-builder/build/sdcc-build/orig/sdcc/src/pic14/gen.c:6828: size=0, offset=1, AOP_TYPE(res)=8
00014c   01a9     clrf    0x29             	CLRF	(_historial + 9)
                                           ;;/home/sdcc-builder/build/sdcc-build/orig/sdcc/src/pic14/gen.c:6828: size=1, offset=0, AOP_TYPE(res)=8
                                           ;	.line	106; "laboratorio_1.c"	historial[5] = 0xFF;
00014d   30ff     movlw   0xff             	MOVLW	0xff
00014e   00aa     movwf   0x2a             	MOVWF	(_historial + 10)
                                           ;;/home/sdcc-builder/build/sdcc-build/orig/sdcc/src/pic14/gen.c:6828: size=0, offset=1, AOP_TYPE(res)=8
00014f   01ab     clrf    0x2b             	CLRF	(_historial + 11)
                                           ;;/home/sdcc-builder/build/sdcc-build/orig/sdcc/src/pic14/gen.c:6828: size=1, offset=0, AOP_TYPE(res)=8
                                           ;	.line	107; "laboratorio_1.c"	historial[6] = 0xFF;
000150   30ff     movlw   0xff             	MOVLW	0xff
000151   00ac     movwf   0x2c             	MOVWF	(_historial + 12)
                                           ;;/home/sdcc-builder/build/sdcc-build/orig/sdcc/src/pic14/gen.c:6828: size=0, offset=1, AOP_TYPE(res)=8
000152   01ad     clrf    0x2d             	CLRF	(_historial + 13)
                                           ;;/home/sdcc-builder/build/sdcc-build/orig/sdcc/src/pic14/gen.c:6828: size=1, offset=0, AOP_TYPE(res)=8
                                           ;	.line	108; "laboratorio_1.c"	historial[7] = 0xFF;
000153   30ff     movlw   0xff             	MOVLW	0xff
000154   00ae     movwf   0x2e             	MOVWF	(_historial + 14)
                                           ;;/home/sdcc-builder/build/sdcc-build/orig/sdcc/src/pic14/gen.c:6828: size=0, offset=1, AOP_TYPE(res)=8
000155   01af     clrf    0x2f             	CLRF	(_historial + 15)
                                           ;;/home/sdcc-builder/build/sdcc-build/orig/sdcc/src/pic14/gen.c:6828: size=1, offset=0, AOP_TYPE(res)=8
                                           ;	.line	109; "laboratorio_1.c"	historial[8] = 0xFF;
000156   30ff     movlw   0xff             	MOVLW	0xff
000157   00b0     movwf   0x30             	MOVWF	(_historial + 16)
                                           ;;/home/sdcc-builder/build/sdcc-build/orig/sdcc/src/pic14/gen.c:6828: size=0, offset=1, AOP_TYPE(res)=8
000158   01b1     clrf    0x31             	CLRF	(_historial + 17)
                                           ;;/home/sdcc-builder/build/sdcc-build/orig/sdcc/src/pic14/gen.c:6828: size=1, offset=0, AOP_TYPE(res)=8
                                           ;	.line	110; "laboratorio_1.c"	historial[9] = 0xFF;
000159   30ff     movlw   0xff             	MOVLW	0xff
00015a   00b2     movwf   0x32             	MOVWF	(_historial + 18)
                                           ;;/home/sdcc-builder/build/sdcc-build/orig/sdcc/src/pic14/gen.c:6828: size=0, offset=1, AOP_TYPE(res)=8
00015b   01b3     clrf    0x33             	CLRF	(_historial + 19)
                                           ;;/home/sdcc-builder/build/sdcc-build/orig/sdcc/src/pic14/gen.c:6828: size=1, offset=0, AOP_TYPE(res)=8
                                           ;	.line	111; "laboratorio_1.c"	historial[10] = 0xFF;
00015c   30ff     movlw   0xff             	MOVLW	0xff
00015d   00b4     movwf   0x34             	MOVWF	(_historial + 20)
                                           ;;/home/sdcc-builder/build/sdcc-build/orig/sdcc/src/pic14/gen.c:6828: size=0, offset=1, AOP_TYPE(res)=8
00015e   01b5     clrf    0x35             	CLRF	(_historial + 21)
                                           ;;/home/sdcc-builder/build/sdcc-build/orig/sdcc/src/pic14/gen.c:6828: size=1, offset=0, AOP_TYPE(res)=8
                                           ;	.line	112; "laboratorio_1.c"	historial[11] = 0xFF;
00015f   30ff     movlw   0xff             	MOVLW	0xff
000160   00b6     movwf   0x36             	MOVWF	(_historial + 22)
                                           ;;/home/sdcc-builder/build/sdcc-build/orig/sdcc/src/pic14/gen.c:6828: size=0, offset=1, AOP_TYPE(res)=8
000161   01b7     clrf    0x37             	CLRF	(_historial + 23)
                                           ;;/home/sdcc-builder/build/sdcc-build/orig/sdcc/src/pic14/gen.c:6828: size=1, offset=0, AOP_TYPE(res)=8
                                           ;	.line	113; "laboratorio_1.c"	historial[12] = 0xFF;
000162   30ff     movlw   0xff             	MOVLW	0xff
000163   00b8     movwf   0x38             	MOVWF	(_historial + 24)
                                           ;;/home/sdcc-builder/build/sdcc-build/orig/sdcc/src/pic14/gen.c:6828: size=0, offset=1, AOP_TYPE(res)=8
000164   01b9     clrf    0x39             	CLRF	(_historial + 25)
                                           ;;/home/sdcc-builder/build/sdcc-build/orig/sdcc/src/pic14/gen.c:6828: size=1, offset=0, AOP_TYPE(res)=8
                                           ;	.line	114; "laboratorio_1.c"	historial[13] = 0xFF;
000165   30ff     movlw   0xff             	MOVLW	0xff
000166   00ba     movwf   0x3a             	MOVWF	(_historial + 26)
                                           ;;/home/sdcc-builder/build/sdcc-build/orig/sdcc/src/pic14/gen.c:6828: size=0, offset=1, AOP_TYPE(res)=8
000167   01bb     clrf    0x3b             	CLRF	(_historial + 27)
                                           ;;/home/sdcc-builder/build/sdcc-build/orig/sdcc/src/pic14/gen.c:6828: size=1, offset=0, AOP_TYPE(res)=8
                                           ;	.line	115; "laboratorio_1.c"	historial[14] = 0xFF;
000168   30ff     movlw   0xff             	MOVLW	0xff
000169   00bc     movwf   0x3c             	MOVWF	(_historial + 28)
                                           ;;/home/sdcc-builder/build/sdcc-build/orig/sdcc/src/pic14/gen.c:6828: size=0, offset=1, AOP_TYPE(res)=8
00016a   01bd     clrf    0x3d             	CLRF	(_historial + 29)
                                           ;;/home/sdcc-builder/build/sdcc-build/orig/sdcc/src/pic14/gen.c:6828: size=1, offset=0, AOP_TYPE(res)=8
                                           ;	.line	116; "laboratorio_1.c"	historial[14] = 0xFF;
00016b   30ff     movlw   0xff             	MOVLW	0xff
00016c   00bc     movwf   0x3c             	MOVWF	(_historial + 28)
                                           ;;/home/sdcc-builder/build/sdcc-build/orig/sdcc/src/pic14/gen.c:6828: size=0, offset=1, AOP_TYPE(res)=8
00016d   01bd     clrf    0x3d             	CLRF	(_historial + 29)
00016e   280e     goto    0x000e           	GOTO	_00166_DS_
                                           ;	.line	122; "laboratorio_1.c"	}
00016f   0008     return                   	RETURN	
                                           ; exit point of _main
                                           
                                           ;***
                                           ;  pBlock Stats: dbName = C
                                           ;***
                                           ;has an exit
                                           ;11 compiler assigned registers:
                                           ;   r0x1028
                                           ;   STK00
                                           ;   r0x1029
                                           ;   r0x102A
                                           ;   r0x102B
                                           ;   r0x102C
                                           ;   r0x102D
                                           ;   r0x102E
                                           ;   r0x102F
                                           ;   r0x1030
                                           ;   r0x1031
                                           ;; Starting pCode block
                                           S_laboratorio_1__valido	code
                                           _valido:
                                           ; 2 exit points
                                           ;	.line	181; "laboratorio_1.c"	unsigned int valido(unsigned int valor) {
0002d0   1283     bcf     0x03, 0x5        	BANKSEL	r0x1028
0002d1   00b0     movwf   0x30             	MOVWF	r0x1028
0002d2   087f     movf    0x7f, 0x0        	MOVF	STK00,W
0002d3   00af     movwf   0x2f             	MOVWF	r0x1029
                                           ;	.line	182; "laboratorio_1.c"	for (unsigned int c = 0; c < 16; c++) {
0002d4   01b1     clrf    0x31             	CLRF	r0x102A
0002d5   01b2     clrf    0x32             	CLRF	r0x102B
0002d6   01b3     clrf    0x33             	CLRF	r0x102C
0002d7   01b4     clrf    0x34             	CLRF	r0x102D
                                           ;;unsigned compare: left < lit(0x10=16), size=2
                                           _00279_DS_:
0002d8   3000     movlw   0x00             	MOVLW	0x00
0002d9   1283     bcf     0x03, 0x5        	BANKSEL	r0x102B
0002da   0232     subwf   0x32, 0x0        	SUBWF	r0x102B,W
0002db   1d03     btfss   0x03, 0x2        	BTFSS	STATUS,2
0002dc   2adf     goto    0x02df           	GOTO	_00299_DS_
0002dd   3010     movlw   0x10             	MOVLW	0x10
0002de   0231     subwf   0x31, 0x0        	SUBWF	r0x102A,W
                                           _00299_DS_:
0002df   1803     btfsc   0x03, 0x0        	BTFSC	STATUS,0
0002e0   2b2c     goto    0x032c           	GOTO	_00277_DS_
                                           ;;genSkipc:3307: created from rifx:0x7ffcd709fb60
                                           ;	.line	183; "laboratorio_1.c"	if ( (historial[c] == 0xFF) ) {
0002e1   1283     bcf     0x03, 0x5        	BANKSEL	r0x102C
0002e2   0833     movf    0x33, 0x0        	MOVF	r0x102C,W
0002e3   3ea0     addlw   0xa0             	ADDLW	(_historial + 0)
0002e4   00b5     movwf   0x35             	MOVWF	r0x102E
0002e5   3000     movlw   0x00             	MOVLW	high (_historial + 0)
0002e6   00b6     movwf   0x36             	MOVWF	r0x102F
0002e7   0834     movf    0x34, 0x0        	MOVF	r0x102D,W
0002e8   1803     btfsc   0x03, 0x0        	BTFSC	STATUS,0
0002e9   0f34     incfsz  0x34, 0x0        	INCFSZ	r0x102D,W
0002ea   07b6     addwf   0x36, 0x1        	ADDWF	r0x102F,F
0002eb   0835     movf    0x35, 0x0        	MOVF	r0x102E,W
0002ec   1283     bcf     0x03, 0x5        	BANKSEL	FSR
0002ed   0084     movwf   0x04             	MOVWF	FSR
0002ee   1383     bcf     0x03, 0x7        	BCF	STATUS,7
0002ef   1283     bcf     0x03, 0x5        	BANKSEL	r0x102F
0002f0   1836     btfsc   0x36, 0x0        	BTFSC	r0x102F,0
0002f1   1783     bsf     0x03, 0x7        	BSF	STATUS,7
0002f2   1283     bcf     0x03, 0x5        	BANKSEL	INDF
0002f3   0800     movf    0x00, 0x0        	MOVF	INDF,W
0002f4   1283     bcf     0x03, 0x5        	BANKSEL	r0x1030
0002f5   00b7     movwf   0x37             	MOVWF	r0x1030
0002f6   1283     bcf     0x03, 0x5        	BANKSEL	FSR
0002f7   0a84     incf    0x04, 0x1        	INCF	FSR,F
0002f8   0800     movf    0x00, 0x0        	MOVF	INDF,W
0002f9   1283     bcf     0x03, 0x5        	BANKSEL	r0x1031
0002fa   00b8     movwf   0x38             	MOVWF	r0x1031
0002fb   0837     movf    0x37, 0x0        	MOVF	r0x1030,W
0002fc   3aff     xorlw   0xff             	XORLW	0xff
0002fd   1d03     btfss   0x03, 0x2        	BTFSS	STATUS,2
0002fe   2b16     goto    0x0316           	GOTO	_00275_DS_
0002ff   0838     movf    0x38, 0x0        	MOVF	r0x1031,W
000300   3a00     xorlw   0x00             	XORLW	0x00
000301   1d03     btfss   0x03, 0x2        	BTFSS	STATUS,2
000302   2b16     goto    0x0316           	GOTO	_00275_DS_
                                           ;	.line	184; "laboratorio_1.c"	historial[c] = valor;
000303   0835     movf    0x35, 0x0        	MOVF	r0x102E,W
000304   1283     bcf     0x03, 0x5        	BANKSEL	FSR
000305   0084     movwf   0x04             	MOVWF	FSR
000306   1383     bcf     0x03, 0x7        	BCF	STATUS,7
000307   1283     bcf     0x03, 0x5        	BANKSEL	r0x102F
000308   1836     btfsc   0x36, 0x0        	BTFSC	r0x102F,0
000309   1783     bsf     0x03, 0x7        	BSF	STATUS,7
00030a   082f     movf    0x2f, 0x0        	MOVF	r0x1029,W
00030b   1283     bcf     0x03, 0x5        	BANKSEL	INDF
00030c   0080     movwf   0x00             	MOVWF	INDF
00030d   0a84     incf    0x04, 0x1        	INCF	FSR,F
00030e   1283     bcf     0x03, 0x5        	BANKSEL	r0x1028
00030f   0830     movf    0x30, 0x0        	MOVF	r0x1028,W
000310   1283     bcf     0x03, 0x5        	BANKSEL	INDF
000311   0080     movwf   0x00             	MOVWF	INDF
                                           ;	.line	185; "laboratorio_1.c"	return 1;
000312   3001     movlw   0x01             	MOVLW	0x01
000313   00ff     movwf   0x7f             	MOVWF	STK00
000314   3000     movlw   0x00             	MOVLW	0x00
000315   2b31     goto    0x0331           	GOTO	_00281_DS_
                                           _00275_DS_:
                                           ;	.line	186; "laboratorio_1.c"	} else if ( historial[c] == valor ) {
000316   1283     bcf     0x03, 0x5        	BANKSEL	r0x1029
000317   082f     movf    0x2f, 0x0        	MOVF	r0x1029,W
000318   0637     xorwf   0x37, 0x0        	XORWF	r0x1030,W
000319   1d03     btfss   0x03, 0x2        	BTFSS	STATUS,2
00031a   2b23     goto    0x0323           	GOTO	_00280_DS_
00031b   0830     movf    0x30, 0x0        	MOVF	r0x1028,W
00031c   0638     xorwf   0x38, 0x0        	XORWF	r0x1031,W
00031d   1d03     btfss   0x03, 0x2        	BTFSS	STATUS,2
00031e   2b23     goto    0x0323           	GOTO	_00280_DS_
                                           ;	.line	187; "laboratorio_1.c"	return 0;
00031f   3000     movlw   0x00             	MOVLW	0x00
000320   00ff     movwf   0x7f             	MOVWF	STK00
000321   3000     movlw   0x00             	MOVLW	0x00
000322   2b31     goto    0x0331           	GOTO	_00281_DS_
                                           _00280_DS_:
                                           ;	.line	182; "laboratorio_1.c"	for (unsigned int c = 0; c < 16; c++) {
000323   3002     movlw   0x02             	MOVLW	0x02
000324   1283     bcf     0x03, 0x5        	BANKSEL	r0x102C
000325   07b3     addwf   0x33, 0x1        	ADDWF	r0x102C,F
000326   1803     btfsc   0x03, 0x0        	BTFSC	STATUS,0
000327   0ab4     incf    0x34, 0x1        	INCF	r0x102D,F
000328   0ab1     incf    0x31, 0x1        	INCF	r0x102A,F
000329   1903     btfsc   0x03, 0x2        	BTFSC	STATUS,2
00032a   0ab2     incf    0x32, 0x1        	INCF	r0x102B,F
00032b   2ad8     goto    0x02d8           	GOTO	_00279_DS_
                                           _00277_DS_:
                                           ;	.line	190; "laboratorio_1.c"	banderas |= 0x02;
00032c   1283     bcf     0x03, 0x5        	BANKSEL	_banderas
00032d   14cb     bsf     0x4b, 0x1        	BSF	_banderas,1
                                           ;	.line	191; "laboratorio_1.c"	return 1;
00032e   3001     movlw   0x01             	MOVLW	0x01
00032f   00ff     movwf   0x7f             	MOVWF	STK00
000330   3000     movlw   0x00             	MOVLW	0x00
                                           _00281_DS_:
                                           ;	.line	192; "laboratorio_1.c"	}
000331   0008     return                   	RETURN	
                                           ; exit point of _valido
                                           
                                           ;***
                                           ;  pBlock Stats: dbName = C
                                           ;***
                                           ;has an exit
                                           ;functions called:
                                           ;   _valido
                                           ;   _valido
                                           ;7 compiler assigned registers:
                                           ;   r0x1032
                                           ;   r0x1033
                                           ;   r0x1034
                                           ;   r0x1035
                                           ;   r0x1036
                                           ;   r0x1037
                                           ;   STK00
                                           ;; Starting pCode block
                                           S_laboratorio_1__rand_wait	code
                                           _rand_wait:
                                           ; 2 exit points
                                           ;	.line	139; "laboratorio_1.c"	unsigned int rand = 0x00;
000170   1283     bcf     0x03, 0x5        	BANKSEL	r0x1032
000171   01a9     clrf    0x29             	CLRF	r0x1032
000172   01aa     clrf    0x2a             	CLRF	r0x1033
                                           _00214_DS_:
                                           ;	.line	143; "laboratorio_1.c"	if ( (rand & 0x0F) < 0x09) {
000173   300f     movlw   0x0f             	MOVLW	0x0f
000174   1283     bcf     0x03, 0x5        	BANKSEL	r0x1032
000175   0529     andwf   0x29, 0x0        	ANDWF	r0x1032,W
000176   00ab     movwf   0x2b             	MOVWF	r0x1034
000177   01ac     clrf    0x2c             	CLRF	r0x1035
                                           ;;unsigned compare: left < lit(0x9=9), size=2
000178   3000     movlw   0x00             	MOVLW	0x00
000179   022c     subwf   0x2c, 0x0        	SUBWF	r0x1035,W
00017a   1d03     btfss   0x03, 0x2        	BTFSS	STATUS,2
00017b   297e     goto    0x017e           	GOTO	_00266_DS_
00017c   3009     movlw   0x09             	MOVLW	0x09
00017d   022b     subwf   0x2b, 0x0        	SUBWF	r0x1034,W
                                           _00266_DS_:
00017e   1803     btfsc   0x03, 0x0        	BTFSC	STATUS,0
00017f   2985     goto    0x0185           	GOTO	_00195_DS_
                                           ;;genSkipc:3307: created from rifx:0x7ffcd709fb60
                                           ;	.line	144; "laboratorio_1.c"	rand+=0x01;
000180   1283     bcf     0x03, 0x5        	BANKSEL	r0x1032
000181   0aa9     incf    0x29, 0x1        	INCF	r0x1032,F
000182   1903     btfsc   0x03, 0x2        	BTFSC	STATUS,2
000183   0aaa     incf    0x2a, 0x1        	INCF	r0x1033,F
000184   29aa     goto    0x01aa           	GOTO	_00196_DS_
                                           _00195_DS_:
                                           ;	.line	145; "laboratorio_1.c"	} else if ((rand & 0xF0)>>4 < 9) {
000185   30f0     movlw   0xf0             	MOVLW	0xf0
000186   1283     bcf     0x03, 0x5        	BANKSEL	r0x1032
000187   0529     andwf   0x29, 0x0        	ANDWF	r0x1032,W
000188   00ab     movwf   0x2b             	MOVWF	r0x1034
000189   01ac     clrf    0x2c             	CLRF	r0x1035
00018a   0e2b     swapf   0x2b, 0x0        	SWAPF	r0x1034,W
00018b   390f     andlw   0x0f             	ANDLW	0x0f
00018c   00ad     movwf   0x2d             	MOVWF	r0x1036
00018d   0e2c     swapf   0x2c, 0x0        	SWAPF	r0x1035,W
00018e   00ae     movwf   0x2e             	MOVWF	r0x1037
00018f   39f0     andlw   0xf0             	ANDLW	0xf0
000190   04ad     iorwf   0x2d, 0x1        	IORWF	r0x1036,F
000191   06ae     xorwf   0x2e, 0x1        	XORWF	r0x1037,F
                                           ;;unsigned compare: left < lit(0x9=9), size=2
000192   3000     movlw   0x00             	MOVLW	0x00
000193   022e     subwf   0x2e, 0x0        	SUBWF	r0x1037,W
000194   1d03     btfss   0x03, 0x2        	BTFSS	STATUS,2
000195   2998     goto    0x0198           	GOTO	_00267_DS_
000196   3009     movlw   0x09             	MOVLW	0x09
000197   022d     subwf   0x2d, 0x0        	SUBWF	r0x1036,W
                                           _00267_DS_:
000198   1803     btfsc   0x03, 0x0        	BTFSC	STATUS,0
000199   29a7     goto    0x01a7           	GOTO	_00192_DS_
                                           ;;genSkipc:3307: created from rifx:0x7ffcd709fb60
                                           ;	.line	146; "laboratorio_1.c"	rand = (rand+0x10) & 0xF0;
00019a   3010     movlw   0x10             	MOVLW	0x10
00019b   1283     bcf     0x03, 0x5        	BANKSEL	r0x1032
00019c   0729     addwf   0x29, 0x0        	ADDWF	r0x1032,W
00019d   00ab     movwf   0x2b             	MOVWF	r0x1034
00019e   01ac     clrf    0x2c             	CLRF	r0x1035
00019f   0dac     rlf     0x2c, 0x1        	RLF	r0x1035,F
0001a0   082a     movf    0x2a, 0x0        	MOVF	r0x1033,W
0001a1   07ac     addwf   0x2c, 0x1        	ADDWF	r0x1035,F
0001a2   30f0     movlw   0xf0             	MOVLW	0xf0
0001a3   052b     andwf   0x2b, 0x0        	ANDWF	r0x1034,W
0001a4   00a9     movwf   0x29             	MOVWF	r0x1032
0001a5   01aa     clrf    0x2a             	CLRF	r0x1033
0001a6   29aa     goto    0x01aa           	GOTO	_00196_DS_
                                           _00192_DS_:
                                           ;	.line	148; "laboratorio_1.c"	rand = 0x00;
0001a7   1283     bcf     0x03, 0x5        	BANKSEL	r0x1032
0001a8   01a9     clrf    0x29             	CLRF	r0x1032
0001a9   01aa     clrf    0x2a             	CLRF	r0x1033
                                           _00196_DS_:
                                           ;	.line	151; "laboratorio_1.c"	if ( ((banderas & 0x01) == 0x00) &&  (GP3==1) && (valido(rand)==1) ) {
0001aa   1283     bcf     0x03, 0x5        	BANKSEL	_banderas
0001ab   184b     btfsc   0x4b, 0x0        	BTFSC	_banderas,0
0001ac   29eb     goto    0x01eb           	GOTO	_00203_DS_
0001ad   1283     bcf     0x03, 0x5        	BANKSEL	r0x1034
0001ae   01ab     clrf    0x2b             	CLRF	r0x1034
0001af   1283     bcf     0x03, 0x5        	BANKSEL	_GPIObits
0001b0   1d85     btfss   0x05, 0x3        	BTFSS	_GPIObits,3
0001b1   29b4     goto    0x01b4           	GOTO	_00001_DS_
0001b2   1283     bcf     0x03, 0x5        	BANKSEL	r0x1034
0001b3   0aab     incf    0x2b, 0x1        	INCF	r0x1034,F
                                           _00001_DS_:
0001b4   1283     bcf     0x03, 0x5        	BANKSEL	r0x1034
0001b5   082b     movf    0x2b, 0x0        	MOVF	r0x1034,W
0001b6   3a01     xorlw   0x01             	XORLW	0x01
0001b7   1d03     btfss   0x03, 0x2        	BTFSS	STATUS,2
0001b8   29eb     goto    0x01eb           	GOTO	_00203_DS_
0001b9   0829     movf    0x29, 0x0        	MOVF	r0x1032,W
0001ba   00ff     movwf   0x7f             	MOVWF	STK00
0001bb   082a     movf    0x2a, 0x0        	MOVF	r0x1033,W
                                           	PAGESEL	_valido
0001bc   22d0     call    0x02d0           	CALL	_valido
                                           	PAGESEL	$
0001bd   1283     bcf     0x03, 0x5        	BANKSEL	r0x1035
0001be   00ac     movwf   0x2c             	MOVWF	r0x1035
0001bf   087f     movf    0x7f, 0x0        	MOVF	STK00,W
0001c0   00ab     movwf   0x2b             	MOVWF	r0x1034
0001c1   3a01     xorlw   0x01             	XORLW	0x01
0001c2   1d03     btfss   0x03, 0x2        	BTFSS	STATUS,2
0001c3   29eb     goto    0x01eb           	GOTO	_00203_DS_
0001c4   082c     movf    0x2c, 0x0        	MOVF	r0x1035,W
0001c5   3a00     xorlw   0x00             	XORLW	0x00
0001c6   1d03     btfss   0x03, 0x2        	BTFSS	STATUS,2
0001c7   29eb     goto    0x01eb           	GOTO	_00203_DS_
                                           ;	.line	152; "laboratorio_1.c"	banderas |= 0x01;
0001c8   1283     bcf     0x03, 0x5        	BANKSEL	_banderas
0001c9   144b     bsf     0x4b, 0x0        	BSF	_banderas,0
                                           ;	.line	153; "laboratorio_1.c"	if ( (banderas & 0x02) == 0x02 ) {
0001ca   3002     movlw   0x02             	MOVLW	0x02
0001cb   054b     andwf   0x4b, 0x0        	ANDWF	_banderas,W
0001cc   1283     bcf     0x03, 0x5        	BANKSEL	r0x1034
0001cd   00ab     movwf   0x2b             	MOVWF	r0x1034
0001ce   01ac     clrf    0x2c             	CLRF	r0x1035
0001cf   082b     movf    0x2b, 0x0        	MOVF	r0x1034,W
0001d0   3a02     xorlw   0x02             	XORLW	0x02
0001d1   1d03     btfss   0x03, 0x2        	BTFSS	STATUS,2
0001d2   29e1     goto    0x01e1           	GOTO	_00198_DS_
0001d3   082c     movf    0x2c, 0x0        	MOVF	r0x1035,W
0001d4   3a00     xorlw   0x00             	XORLW	0x00
0001d5   1d03     btfss   0x03, 0x2        	BTFSS	STATUS,2
0001d6   29e1     goto    0x01e1           	GOTO	_00198_DS_
                                           ;	.line	154; "laboratorio_1.c"	GP5=1;
0001d7   1283     bcf     0x03, 0x5        	BANKSEL	_GPIObits
0001d8   1685     bsf     0x05, 0x5        	BSF	_GPIObits,5
                                           ;	.line	155; "laboratorio_1.c"	blink=1;
0001d9   3001     movlw   0x01             	MOVLW	0x01
0001da   1283     bcf     0x03, 0x5        	BANKSEL	_blink
0001db   00c9     movwf   0x49             	MOVWF	_blink
0001dc   01ca     clrf    0x4a             	CLRF	(_blink + 1)
                                           ;	.line	156; "laboratorio_1.c"	return 0x99;
0001dd   3099     movlw   0x99             	MOVLW	0x99
0001de   00ff     movwf   0x7f             	MOVWF	STK00
0001df   3000     movlw   0x00             	MOVLW	0x00
0001e0   2a33     goto    0x0233           	GOTO	_00216_DS_
                                           _00198_DS_:
                                           ;	.line	158; "laboratorio_1.c"	GP5=1;
0001e1   1283     bcf     0x03, 0x5        	BANKSEL	_GPIObits
0001e2   1685     bsf     0x05, 0x5        	BSF	_GPIObits,5
                                           ;	.line	159; "laboratorio_1.c"	blink=0;
0001e3   1283     bcf     0x03, 0x5        	BANKSEL	_blink
0001e4   01c9     clrf    0x49             	CLRF	_blink
0001e5   01ca     clrf    0x4a             	CLRF	(_blink + 1)
                                           ;	.line	160; "laboratorio_1.c"	return rand;
0001e6   1283     bcf     0x03, 0x5        	BANKSEL	r0x1032
0001e7   0829     movf    0x29, 0x0        	MOVF	r0x1032,W
0001e8   00ff     movwf   0x7f             	MOVWF	STK00
0001e9   082a     movf    0x2a, 0x0        	MOVF	r0x1033,W
0001ea   2a33     goto    0x0233           	GOTO	_00216_DS_
                                           _00203_DS_:
                                           ;	.line	161; "laboratorio_1.c"	} else if ( ((banderas & 0x01)==0x01) &&  (GP3==0) ) {
0001eb   3001     movlw   0x01             	MOVLW	0x01
0001ec   1283     bcf     0x03, 0x5        	BANKSEL	_banderas
0001ed   054b     andwf   0x4b, 0x0        	ANDWF	_banderas,W
0001ee   1283     bcf     0x03, 0x5        	BANKSEL	r0x1034
0001ef   00ab     movwf   0x2b             	MOVWF	r0x1034
0001f0   01ac     clrf    0x2c             	CLRF	r0x1035
0001f1   082b     movf    0x2b, 0x0        	MOVF	r0x1034,W
0001f2   3a01     xorlw   0x01             	XORLW	0x01
0001f3   1d03     btfss   0x03, 0x2        	BTFSS	STATUS,2
0001f4   29ff     goto    0x01ff           	GOTO	_00204_DS_
0001f5   082c     movf    0x2c, 0x0        	MOVF	r0x1035,W
0001f6   3a00     xorlw   0x00             	XORLW	0x00
0001f7   1d03     btfss   0x03, 0x2        	BTFSS	STATUS,2
0001f8   29ff     goto    0x01ff           	GOTO	_00204_DS_
0001f9   1283     bcf     0x03, 0x5        	BANKSEL	_GPIObits
0001fa   1985     btfsc   0x05, 0x3        	BTFSC	_GPIObits,3
0001fb   29ff     goto    0x01ff           	GOTO	_00204_DS_
                                           ;	.line	162; "laboratorio_1.c"	banderas &= 0b11111110;
0001fc   1283     bcf     0x03, 0x5        	BANKSEL	_banderas
0001fd   104b     bcf     0x4b, 0x0        	BCF	_banderas,0
0001fe   01cc     clrf    0x4c             	CLRF	(_banderas + 1)
                                           _00204_DS_:
                                           ;	.line	165; "laboratorio_1.c"	count_1+=1;
0001ff   1283     bcf     0x03, 0x5        	BANKSEL	_count_1
000200   0ac5     incf    0x45, 0x1        	INCF	_count_1,F
000201   1903     btfsc   0x03, 0x2        	BTFSC	STATUS,2
000202   0ac6     incf    0x46, 0x1        	INCF	(_count_1 + 1),F
                                           ;	.line	166; "laboratorio_1.c"	if (count_1==0) {
000203   0846     movf    0x46, 0x0        	MOVF	(_count_1 + 1),W
000204   0445     iorwf   0x45, 0x0        	IORWF	_count_1,W
000205   1d03     btfss   0x03, 0x2        	BTFSS	STATUS,2
000206   2a0b     goto    0x020b           	GOTO	_00208_DS_
                                           ;	.line	167; "laboratorio_1.c"	count_2+=1;
000207   1283     bcf     0x03, 0x5        	BANKSEL	_count_2
000208   0ac7     incf    0x47, 0x1        	INCF	_count_2,F
000209   1903     btfsc   0x03, 0x2        	BTFSC	STATUS,2
00020a   0ac8     incf    0x48, 0x1        	INCF	(_count_2 + 1),F
                                           _00208_DS_:
                                           ;	.line	169; "laboratorio_1.c"	if (count_2 == time) {
00020b   1283     bcf     0x03, 0x5        	BANKSEL	_count_2
00020c   0847     movf    0x47, 0x0        	MOVF	_count_2,W
00020d   3a01     xorlw   0x01             	XORLW	0x01
00020e   1d03     btfss   0x03, 0x2        	BTFSS	STATUS,2
00020f   2973     goto    0x0173           	GOTO	_00214_DS_
000210   0848     movf    0x48, 0x0        	MOVF	(_count_2 + 1),W
000211   3a00     xorlw   0x00             	XORLW	0x00
000212   1d03     btfss   0x03, 0x2        	BTFSS	STATUS,2
000213   2973     goto    0x0173           	GOTO	_00214_DS_
                                           ;	.line	170; "laboratorio_1.c"	count_2=0;
000214   01c7     clrf    0x47             	CLRF	_count_2
000215   01c8     clrf    0x48             	CLRF	(_count_2 + 1)
                                           ;	.line	172; "laboratorio_1.c"	if ( blink == 1 ) {
000216   1283     bcf     0x03, 0x5        	BANKSEL	_blink
000217   0849     movf    0x49, 0x0        	MOVF	_blink,W
000218   3a01     xorlw   0x01             	XORLW	0x01
000219   1d03     btfss   0x03, 0x2        	BTFSS	STATUS,2
00021a   2973     goto    0x0173           	GOTO	_00214_DS_
00021b   084a     movf    0x4a, 0x0        	MOVF	(_blink + 1),W
00021c   3a00     xorlw   0x00             	XORLW	0x00
00021d   1d03     btfss   0x03, 0x2        	BTFSS	STATUS,2
00021e   2973     goto    0x0173           	GOTO	_00214_DS_
                                           ;	.line	173; "laboratorio_1.c"	GP5=~GP5;
00021f   1283     bcf     0x03, 0x5        	BANKSEL	r0x1034
000220   01ab     clrf    0x2b             	CLRF	r0x1034
000221   1283     bcf     0x03, 0x5        	BANKSEL	_GPIObits
000222   1e85     btfss   0x05, 0x5        	BTFSS	_GPIObits,5
000223   2a26     goto    0x0226           	GOTO	_00002_DS_
000224   1283     bcf     0x03, 0x5        	BANKSEL	r0x1034
000225   0aab     incf    0x2b, 0x1        	INCF	r0x1034,F
                                           _00002_DS_:
000226   1283     bcf     0x03, 0x5        	BANKSEL	r0x1034
000227   092b     comf    0x2b, 0x0        	COMF	r0x1034,W
000228   00ab     movwf   0x2b             	MOVWF	r0x1034
000229   0c2b     rrf     0x2b, 0x0        	RRF	r0x1034,W
00022a   1803     btfsc   0x03, 0x0        	BTFSC	STATUS,0
00022b   2a2e     goto    0x022e           	GOTO	_00003_DS_
00022c   1283     bcf     0x03, 0x5        	BANKSEL	_GPIObits
00022d   1285     bcf     0x05, 0x5        	BCF	_GPIObits,5
                                           _00003_DS_:
00022e   1c03     btfss   0x03, 0x0        	BTFSS	STATUS,0
00022f   2a32     goto    0x0232           	GOTO	_00004_DS_
000230   1283     bcf     0x03, 0x5        	BANKSEL	_GPIObits
000231   1685     bsf     0x05, 0x5        	BSF	_GPIObits,5
                                           _00004_DS_:
000232   2973     goto    0x0173           	GOTO	_00214_DS_
                                           _00216_DS_:
                                           ;	.line	179; "laboratorio_1.c"	}
000233   0008     return                   	RETURN	
                                           ; exit point of _rand_wait
                                           
                                           ;***
                                           ;  pBlock Stats: dbName = C
                                           ;***
                                           ;has an exit
                                           ;6 compiler assigned registers:
                                           ;   r0x1038
                                           ;   STK00
                                           ;   r0x1039
                                           ;   r0x103A
                                           ;   r0x103B
                                           ;   r0x103C
                                           ;; Starting pCode block
                                           S_laboratorio_1__send_byte	code
                                           _send_byte:
                                           ; 2 exit points
                                           ;	.line	125; "laboratorio_1.c"	void send_byte(unsigned int cod) {
000366   1283     bcf     0x03, 0x5        	BANKSEL	r0x1038
000367   00a5     movwf   0x25             	MOVWF	r0x1038
000368   087f     movf    0x7f, 0x0        	MOVF	STK00,W
000369   00a4     movwf   0x24             	MOVWF	r0x1039
                                           ;	.line	127; "laboratorio_1.c"	for (unsigned int c = 0 ; c < 8 ; c++) {
00036a   01a6     clrf    0x26             	CLRF	r0x103A
00036b   01a7     clrf    0x27             	CLRF	r0x103B
                                           ;;unsigned compare: left < lit(0x8=8), size=2
                                           _00173_DS_:
00036c   3000     movlw   0x00             	MOVLW	0x00
00036d   1283     bcf     0x03, 0x5        	BANKSEL	r0x103B
00036e   0227     subwf   0x27, 0x0        	SUBWF	r0x103B,W
00036f   1d03     btfss   0x03, 0x2        	BTFSS	STATUS,2
000370   2b73     goto    0x0373           	GOTO	_00186_DS_
000371   3008     movlw   0x08             	MOVLW	0x08
000372   0226     subwf   0x26, 0x0        	SUBWF	r0x103A,W
                                           _00186_DS_:
000373   1803     btfsc   0x03, 0x0        	BTFSC	STATUS,0
000374   2b8c     goto    0x038c           	GOTO	_00171_DS_
                                           ;;genSkipc:3307: created from rifx:0x7ffcd709fb60
                                           ;	.line	128; "laboratorio_1.c"	GP0=cod & 0x01;
000375   1283     bcf     0x03, 0x5        	BANKSEL	r0x1039
000376   0824     movf    0x24, 0x0        	MOVF	r0x1039,W
000377   00a8     movwf   0x28             	MOVWF	r0x103C
000378   0c28     rrf     0x28, 0x0        	RRF	r0x103C,W
000379   1803     btfsc   0x03, 0x0        	BTFSC	STATUS,0
00037a   2b7d     goto    0x037d           	GOTO	_00005_DS_
00037b   1283     bcf     0x03, 0x5        	BANKSEL	_GPIObits
00037c   1005     bcf     0x05, 0x0        	BCF	_GPIObits,0
                                           _00005_DS_:
00037d   1c03     btfss   0x03, 0x0        	BTFSS	STATUS,0
00037e   2b81     goto    0x0381           	GOTO	_00006_DS_
00037f   1283     bcf     0x03, 0x5        	BANKSEL	_GPIObits
000380   1405     bsf     0x05, 0x0        	BSF	_GPIObits,0
                                           _00006_DS_:
                                           ;	.line	129; "laboratorio_1.c"	GP1=1;
000381   1283     bcf     0x03, 0x5        	BANKSEL	_GPIObits
000382   1485     bsf     0x05, 0x1        	BSF	_GPIObits,1
                                           ;	.line	130; "laboratorio_1.c"	GP1=0;
000383   1085     bcf     0x05, 0x1        	BCF	_GPIObits,1
                                           ;;shiftRight_Left2ResultLit:5474: shCount=1, size=2, sign=0, same=1, offr=0
                                           ;	.line	131; "laboratorio_1.c"	cod>>=1;
000384   1003     bcf     0x03, 0x0        	BCF	STATUS,0
000385   1283     bcf     0x03, 0x5        	BANKSEL	r0x1038
000386   0ca5     rrf     0x25, 0x1        	RRF	r0x1038,F
000387   0ca4     rrf     0x24, 0x1        	RRF	r0x1039,F
                                           ;	.line	127; "laboratorio_1.c"	for (unsigned int c = 0 ; c < 8 ; c++) {
000388   0aa6     incf    0x26, 0x1        	INCF	r0x103A,F
000389   1903     btfsc   0x03, 0x2        	BTFSC	STATUS,2
00038a   0aa7     incf    0x27, 0x1        	INCF	r0x103B,F
00038b   2b6c     goto    0x036c           	GOTO	_00173_DS_
                                           _00171_DS_:
                                           ;	.line	133; "laboratorio_1.c"	GP2=1;
00038c   1283     bcf     0x03, 0x5        	BANKSEL	_GPIObits
00038d   1505     bsf     0x05, 0x2        	BSF	_GPIObits,2
                                           ;	.line	134; "laboratorio_1.c"	GP2=0;
00038e   1105     bcf     0x05, 0x2        	BCF	_GPIObits,2
                                           ;	.line	135; "laboratorio_1.c"	}
00038f   0008     return                   	RETURN	
                                           ; exit point of _send_byte
                                           
                                           
                                           ;	code size estimation:
                                           ;	  613+  133 =   746 instructions ( 1758 byte)
                                           
                                           	end
